0
00
000
0000
00000
0000000
00000000
0987654321
1
11
111
1111
11111
111111
1111111
11111111
111222333444
112233
112233qqwwee
12
1212
121212
123
123123
12321
123321
1234
12345
123456
1234567
12345678
123456789
1234567890
1234567890$
12345678901
1234567890qw
123456789abc
123456789kkk
12345stratfor
1234abcd
1234qwer
123abc
123asd
123qwe
1313
131313
1ntell1gence
1q2w3e
2
2000
21
2112
22
222
2222
22222
222222
2222222
22222222
232323
3
321
33
333
3333
33333
333333
3333333
33333333
4
4128
4321
44
444
4444
44444
444444
4444444
44444444
5
5150
54321
55
555
5555
55555
555555
5555555
55555555
6
654321
66
666
6666
66666
666666
6666666
66666666
6969
696969
7
7654321
77
777
7777
77777
777777
7777777
77777777
8
8675309
87654321
88
888
8888
88888
888888
8888888
88888888
9
987654
987654321
99
999
9999
99999
999999
9999999
99999999
a1b2c3
aaa
aaaa
aaaaa
aaaaaa
abc123
abgrtyu
academia
access
access14
account
action
admin
Admin
admin1
admin12
admin123
adminadmin
administration
administrator
albert
alex
alexis
amanda
amateur
andrea
andrew
angel
angela
angels
animal
anthony
anything
apollo
apple
apples
arsenal
arthur
asddsa
asdf
asdfgh
asdsa
asdzxc
ashley
asshole
august
austin
baby
backup
badboy
bailey
banana
barney
baseball
basketball
batman
beach
bear
beaver
beavis
beer
bigcock
bigdaddy
bigdick
bigdog
bigtits
bill
billy
biochemistry
birdie
bitch
bitches
biteme
black
blackberry
blackberry123
blackhawks
blackwatch
blackwater
blazer
blockbuster
blonde
blondes
blowjob
blowme
blue
bond007
bonnie
booboo
boobs
booger
boomer
booty
boss123
boston
brandon
brandy
Braveheart123
braves
brazil
brian
bronco
broncos
bubba
buddy
bulldog
business
buster
butter
butthead
calvin
camaro
cameron
campus
canada
captain
carlos
carter
casper
changeme
Changeme12345
charles
charlie
cheese
chelsea
chester
chevy
chicago
chicken
chris
cluster
cocacola
cock
codename
codeword
coffee
college
compaq
computer
conservative
controller
cookie
cool
cooper
corvette
cowboy
cowboys
cream
crystal
cumming
cumshot
cunt
customer
dakota
dallas
daniel
danielle
database
dave
david
debbie
default
dennis
desktop
diablo
diamond
dick
dirty
doctor
doggie
dolphin
dolphins
domain
donald
dragon
dreams
driver
eagle
eagle1
eagles
edward
einstein
enjoy
enter
eric
erotic
example
exchange
explorer
extreme
falcon
fender
ferrari
file
files
fire
firebird
fish
fishing
florida
flower
flyers
foo
foobar
foofoo
football
footballfreak
ford
forever
frank
fred
freddy
freedom
fuck
fucked
fucker
fucking
fuckme
fuckyou
games
gandalf
gateway
gators
gemini
generalpatton
geopolitical
george
giants
ginger
girl
girls
globalaffairs
globalization
golden
golf
golfer
gordon
great
green
gregory
guitar
gunner
hammer
hannah
happy
hardcore
harley
heather
hello
hello123
help4me!
helpme
hentai
hockey
home
home123
hongkong
hooters
horney
horny
hotdog
house
hunter
hunting
iceman
ihavenopass
iloveyou
intelligence
internet
Internet
intranet
islamofascist
iwantu
jack
jackie
jackson
jaguar
jake
james
japan
jasmine
jason
jasper
jennifer
jeremy
jessica
job
john
johnny
johnson
jordan
joseph
joshua
juice
junior
justin
kelly
kevin
killer
king
kitty
knight
ladies
lakers
lauren
lawenforcement
leather
legend
letitbe
letmein
little
liveandletlive
login
Login
london
lotus
love
love123
lover
lovers
lucky
maddog
madison
maggie
magic
magnum
manager
marine
mark
market
marlboro
martin
marvin
master
matrix
matt
matthew
maverick
maxwell
melissa
member
mercedes
merlin
michael
michelle
mickey
midnight
mike
miller
mine
mistress
money
monica
monitor
monkey
monster
morgan
mother
mountain
movie
muffin
murphy
music
mustang
mypass
mypassword
mypassword1
mypc123
naked
nascar
nathan
naughty
ncc1701
newyork
nicholas
nicole
nimda
nipple
nipples
nobody
nopass
nopassword
nothing
office
oliver
opsec
oracle
orange
ou812
outstanding
Overlord888
owner
packers
panther
panties
paris
parker
pass
pass1
pass12
pass123
passw0rd
passwd
password
Password
Password0032
Password01!
password1
password101
password12
Password12*
password122
password123
Password123
PassWord123!@#
password1234
password1981
password2009
password9191
Password999.
patrick
paul
peaches
peanut
penis
pepper
peter
phantom
phoenix
player
please
pookie
porn
porno
porsche
power
prince
princess
private
P@ss1234P@ss1234
public
purple
pussies
pussy
P@$$w0rd123
pw123
q1w2e3
q1w2e3r4t5y6
qazwsx
qazwsx123123
qazwsx654321
qazwsxedc
qazwsxedc123
qqq
qqqq
qqqqq
qwe123
qweasd
qweasdzxc
qweewq
qwer1234qwer
qwert
qwerty
qwerty123456
qwertyui
qwertyuiop00
qwewq
rabbit
rachel
racing
raiders
rainbow
ranger
rangers
rebecca
redskins
redsox
redwings
richard
robert
rock
rocket
root
root123
rootroot
rosebud
runner
rush2112
russia
samantha
sammy
sample
samson
sandra
saturn
scooby
scooter
scorpio
scorpion
scott
secret
secure
security
server
sexsex
sexy
shadow
shannon
share
shaved
shit
sierra
silver
skippy
slayer
slut
smith
smokey
snoopy
soccer
sophie
spanky
sparky
spider
sql
squirt
srinivas
star
stars
startrek
starwars
steelers
stephanopoulos
steve
steven
sticky
student
stupid
success
suckit
summer
sunshine
super
super5collider
superman
superuser
supervisor
surfer
surveillance4u
swimming
sydney
system
taylor
teens
temp
temp123
temporary
temptemp
tennis
teresa
test
test123
tester
testing
testtest
theman
thomas
thunder
thx1138
thx1138thx1138
tiffany
tiger
tigers
tigger
time
tits
tomcat
topgun
toyota
travis
trouble
trustno1
tucker
turtle
united
unknown
vagina
victor
victoria
video
viking
viper
voodoo
voyager
walter
warrior
web
welcome
welkom
welcome01
welkom01
whatever
white
william
willie
wilson
windows
winner
winston
winter
wizard
wolf
women
work
work123
xavier
xxx
xxxx
xxxxx
xxxxxx
xxxxxxxx
yamaha
yankee
yankees
yellow
young
zero
zxccxz
zxcvb
zxcvbn
zxcvbnm
zxcxz
zzz
zzzz
zzzzz
zzzzzz
